[backblue.gif]
[fade.gif]
[index.html]
[www.carquefou-football.com/indexc0d0.php]
[www.carquefou-football.com/index7b17.php]
[www.carquefou-football.com/index.html]
[www.carquefou-football.com/devenir-partenaire.html]
[www.carquefou-football.com/contact.html]
[www.carquefou-football.com/la-boutique.html]
[www.carquefou-football.com/component/jce/indexca5e.html]
[www.carquefou-football.com/le-club/actualites/1375-ag2016retour.html]
[www.carquefou-football.com/le-club/actualites/1379-voeux2017.html]
[www.carquefou-football.com/le-club/actualites/1377-bureau20162017.html]
[www.carquefou-football.com/le-club/actualites/1371-ag2016.html]
[www.carquefou-football.com/le-club/actualites/1373-gambardellafctours.html]
[www.carquefou-football.com/le-club/actualites/1365-info-feuille-de-match.html]
[www.carquefou-football.com/le-club/actualitesdcab.feed]
[www.carquefou-football.com/le-club/actualitesb550.feed]
[www.carquefou-football.com/le-club/actualites.html]
[www.carquefou-football.com/le-club/presentationdcab.feed]
[www.carquefou-football.com/le-club/presentationb550.feed]
[www.carquefou-football.com/le-club/presentation.html]
[www.carquefou-football.com/le-club/le-mot-des-presidentsdcab.feed]
[www.carquefou-football.com/le-club/le-mot-des-presidents.html]
[www.carquefou-football.com/le-club/organigramme-sportif.html]
[www.carquefou-football.com/le-club/le-mot-des-presidentsb550.feed]
[www.carquefou-football.com/le-club/conseil-dadministrationdcab.feed]
[www.carquefou-football.com/le-club/conseil-dadministration.html]
[www.carquefou-football.com/le-club/les-arbitres.html]
[www.carquefou-football.com/le-club/reglement-interieur.html]
[www.carquefou-football.com/le-club/charte-educateur.html]
[www.carquefou-football.com/le-club/charte-joueur.html]
[www.carquefou-football.com/le-club/charte-parents.html]
[www.carquefou-football.com/le-club/inscriptions-reinscriptions.html]
[www.carquefou-football.com/division-regionale-superieure/mot-de-lentraineur.html]
[www.carquefou-football.com/post-formation/seniors-b.html]
[www.carquefou-football.com/formation/u17-u16.html]
[www.carquefou-football.com/preformation/u15-u14.html]
[www.carquefou-football.com/preformation/u12-u13.html]
[www.carquefou-football.com/animation/u10-u11.html]
[www.carquefou-football.com/animation/u7-u8-u9.html]
[www.carquefou-football.com/2014-08-19-07-30-34/loisirs.html]
[www.carquefou-football.com/2014-08-19-07-30-34/veterans-a.html]
[www.carquefou-football.com/2014-08-19-07-30-34/veterans-b.html]
[www.carquefou-football.com/arbitrage.html]
[www.carquefou-football.com/arbitrage/delegue-de-terrain.html]
[www.carquefou-football.com/arbitrage/remplir-une-feuille-de-match.html]
[www.carquefou-football.com/le-club/conseil-dadministrationb550.feed]
[www.carquefou-football.com/2015-10-20-15-03-56dcab.feed]
[www.carquefou-football.com/2015-10-20-15-03-56b550.feed]
[www.carquefou-football.com/2015-10-20-15-03-56.html]
[www.carquefou-football.com/2015-10-20-15-03-56/maladie-de-sever.html]
[www.carquefou-football.com/2015-10-20-15-03-56/osgood.html]
[www.carquefou-football.com/tournoidcab.feed]
[www.carquefou-football.com/tournoib550.feed]
[www.carquefou-football.com/tournoi.html]
[www.carquefou-football.com/convocations/seniors/download/2245/163/convocations-seniors-du-18-decembre-1.pdf_;]
[www.carquefou-football.com/convocations/seniors.html]
[www.carquefou-football.com/convocations/u18-u19.html]
[www.carquefou-football.com/convocations/u18-u19/download/2285/103/convocations---u18--du-28-janvier-2017.pdf_;]
[www.carquefou-football.com/convocations/u16-u17.html]
[www.carquefou-football.com/convocations/u16-u17/download/2286/102/convocations--u16---u17--u18--du-28-et-29-janvier-2017.pdf_;]
[www.carquefou-football.com/convocations/u14-u15/download/2282/101/convocations-a--b-du-samedi-28-janvier-2017-1.pdf_;]
[www.carquefou-football.com/convocations/u14-u15/download/2283/101/convocations-c--d-du-samedi-28-janvier-2017--1.pdf_;]
[www.carquefou-football.com/convocations/u14-u15/download/2284/101/planning--u14--u15-vacances-de-fevrier--2017.pdf_;]
[www.carquefou-football.com/convocations/u14-u15.html]
[www.carquefou-football.com/convocations/u12-u13/download/2101/98/calendrier-district-saison-2016-2017.pdf_;]
[www.carquefou-football.com/convocations/u12-u13/download/2164/98/calendrier-2-eme-phase-u13-quipe-1.pdf_;]
[www.carquefou-football.com/convocations/u12-u13/download/2268/98/equipe-2-calendrier-championnat-2eme-phase.pdf_;]
[www.carquefou-football.com/convocations/u12-u13/download/2267/98/equipe-3-calendrier-championnat-2eme-phase.pdf_;]
[www.carquefou-football.com/convocations/u12-u13/download/2269/98/equipe-5-calendrier-championnat-2eme-phase.pdf_;]
[www.carquefou-football.com/convocations/u12-u13/download/2274/98/fiche-presence-matchs-amicaux-et-tournois-saison-2016-2017-2.pdf_;]
[www.carquefou-football.com/convocations/u12-u13/download/2279/98/convocations--du-28-janvier-2017.pdf_;]
[www.carquefou-football.com/convocations/u12-u13.html]
[www.carquefou-football.com/convocations/u10-u11/download/2278/99/convocation-28-01-2017.pdf_;]
[www.carquefou-football.com/convocations/u10-u11/download/2112/99/compte-rendu-de-runion.pdf_;]
[www.carquefou-football.com/convocations/u10-u11/download/2188/99/phase-automne-planning-des-matches-par-quipe-1.pdf_;]
[www.carquefou-football.com/convocations/u10-u11.html]
[www.carquefou-football.com/convocations/u7-u8-u9/download/2236/100/convocations_20161227.pdf_;]
[www.carquefou-football.com/convocations/u7-u8-u9.html]
[www.carquefou-football.com/stagesdcab.feed]
[www.carquefou-football.com/stagesb550.feed]
[www.carquefou-football.com/stages.html]
[www.carquefou-football.com/pole-regional-excellence.html]
[www.carquefou-football.com/liens-vers-la-boutiquedcab.feed]
[www.carquefou-football.com/liens-vers-la-boutiqueb550.feed]
[www.carquefou-football.com/liens-vers-la-boutique.html]
[www.carquefou-football.com/lien-vers-devenir-partenaire.html]
[www.carquefou-football.com/mentions-legales.html]
[www.carquefou-football.com/staff.html]
[www.carquefou-football.com/index-2.html]
[www.carquefou-football.com/le-club/actualites/1313-galette2016.html]
[www.carquefou-football.com/le-club/actualites5a94.html]
[www.carquefou-football.com/le-club/actualites4abd.html]
[www.carquefou-football.com/le-club/actualitesc61e.html]
[www.carquefou-football.com/le-club/actualites4c62.html]
[www.carquefou-football.com/le-club/actualites27d2.html]
[www.carquefou-football.com/le-club/actualitesb134.html]
[www.carquefou-football.com/le-club/actualites0803.html]
[www.carquefou-football.com/le-club/actualites3380.html]
[www.carquefou-football.com/le-club/actualites0dc3.html]
[www.carquefou-football.com/le-club/actualites2499.html]
[www.carquefou-football.com/le-club/presentation/2-presentation-de-lusja-carquefou-football.html]
[www.carquefou-football.com/tournoi/1280-u11-u13tournoi2016.html]
[www.carquefou-football.com/tournoi/1215-u11-u13-tournoi-2015.html]
[www.carquefou-football.com/tournoi/1168-u11-u13-tournoi-2014.html]
[www.carquefou-football.com/tournoi/731-tournoi-2013-u11-u13.html]
[www.carquefou-football.com/tournoi/598-u11-u13-tournoi-2012.html]
[www.carquefou-football.com/liens-vers-la-boutique/1213-boutique-promos.html]
[www.carquefou-football.com/stages/1335-les-stages-vacances.html]
[www.carquefou-football.com/stages/1320-stage-vacances-printemps-2016.html]
[www.carquefou-football.com/stages/1244-les-stages-vacances.html]
[www.carquefou-football.com/stages/1229-stage-vacances-printemps-2015.html]
[www.carquefou-football.com/stages/438-stage-vacances-dhiver.html]
[www.carquefou-football.com/stages/355-le-stage-vacances-de-la-toussaint.html]
[www.carquefou-football.com/stages/1173-2014-07-25-12-23-49.html]
[www.carquefou-football.com/stages/1172-2014-07-09-09-18-05.html]
[www.carquefou-football.com/stages76c3.html]
[www.carquefou-football.com/component/user/reset.html]
[www.carquefou-football.com/component/user/remind.html]
[www.carquefou-football.com/le-club/actualites/1307-albumduclub1.html]
[www.carquefou-football.com/le-club/actualites/1303-2015-12-18-09-48-51.html]
[www.carquefou-football.com/le-club/actualites/1302-ag2015.html]
[www.carquefou-football.com/le-club/actualites/1298-belote2015.html]
[www.carquefou-football.com/le-club/actualites/1295-loisirs-educateurs.html]
[www.carquefou-football.com/le-club/actualites/1282-reuniontournoi2016.html]
[www.carquefou-football.com/le-club/actualites/1276-2015-11-04-15-24-29.html]
[www.carquefou-football.com/le-club/actualites/1273-albumduclub.html]
[www.carquefou-football.com/le-club/actualites/1271-concours-belote.html]
[www.carquefou-football.com/le-club/actualites/1269-dh-coupe-atlantique.html]
[www.carquefou-football.com/le-club/actualites/1268-2015-10-20-09-32-18.html]
[www.carquefou-football.com/le-club/actualites/1261-2015-10-01-22-53-06.html]
[www.carquefou-football.com/le-club/actualites/1259-2015-09-27-08-50-56.html]
[www.carquefou-football.com/le-club/actualites/1258-2015-09-23-22-24-11.html]
[www.carquefou-football.com/le-club/actualites/1255-dh-carquefou-la-roche-syon.html]
[www.carquefou-football.com/le-club/actualites/1248-planning-des-reprises-dentrainement.html]
[www.carquefou-football.com/le-club/actualites/1247-dh-reprise-saison-2015-2016.html]
[www.carquefou-football.com/le-club/actualites/1240-u15-mondial-st-pierre.html]
[www.carquefou-football.com/le-club/actualites/1235-club-portes-ouvertes.html]
[www.carquefou-football.com/le-club/actualites/1234-2015-03-27-20-11-46.html]
[www.carquefou-football.com/le-club/actualites/1232-coupe-atlantique-quart-de-finale.html]
[www.carquefou-football.com/le-club/actualites/1231-dh-carquefou-la-chataigneraie-1-0.html]
[www.carquefou-football.com/le-club/actualites/1227-u14--remise-de-maillots.html]
[www.carquefou-football.com/le-club/actualites/1224-club-galette-des-rois.html]
[www.carquefou-football.com/le-club/actualites/1222-dh-carquefou-challans-1-1.html]
[www.carquefou-football.com/le-club/actualites/1219-2014-11-17-09-44-40.html]
[www.carquefou-football.com/le-club/actualites/1216-dh-carquefou-les-herbiers-4-1.html]
[www.carquefou-football.com/le-club/actualites/1214-u19--carquefou-saumur-6-1.html]
[www.carquefou-football.com/le-club/actualites/1211-2014-10-30-08-59-24.html]
[www.carquefou-football.com/le-club/actualites/1210-cdf-6e-saumur-carquefou-1-3.html]
[www.carquefou-football.com/le-club/actualites/1208-cdf-6e-tour-as-saumur-bayard.html]
[www.carquefou-football.com/le-club/actualites/1207-cdf-5e-vaill-angers-carquefou-0-3.html]
[www.carquefou-football.com/le-club/actualites/1205-dh-carquefou-roche-syon-2-1.html]
[www.carquefou-football.com/le-club/actualites/1204-2014-09-29-08-14-58.html]
[www.carquefou-football.com/le-club/actualites/1203-2014-09-22-08-36-09.html]
[www.carquefou-football.com/le-club/actualites/1200-2014-09-06-15-18-00.html]
[www.carquefou-football.com/le-club/actualites/1199-dh-carquefou-cholet.html]
[www.carquefou-football.com/le-club/actualites/1198-2014-09-01-07-52-39.html]
[www.carquefou-football.com/le-club/actualites/1183-2014-08-22-20-17-08.html]
[www.carquefou-football.com/le-club/actualites/1182-dh-amical-contre-uf-st-herblain.html]
[www.carquefou-football.com/le-club/actualites/1175-2014-07-29-08-41-44.html]
[www.carquefou-football.com/le-club/actualites/1174-2014-07-28-12-32-10.html]
[www.carquefou-football.com/le-club/actualites/1170-dh-saison-2014-2015.html]
[www.carquefou-football.com/le-club/actualites/1169-2014-06-25-19-08-34.html]
[www.carquefou-football.com/le-club/actualites/1167-2014-06-13-21-13-57.html]
[www.carquefou-football.com/le-club/actualites/1166-2014-06-11-20-54-36.html]
[www.carquefou-football.com/le-club/actualites/1165-2014-06-03-20-16-07.html]
[www.carquefou-football.com/le-club/actualites/1163-u19-carquefou-vertou-2-0.html]
[www.carquefou-football.com/le-club/actualites/1161-u19-finale-coupe-atlantique.html]
[www.carquefou-football.com/le-club/actualites/1159-2014-05-25-09-08-43.html]
[www.carquefou-football.com/le-club/actualites/1158-national-ajaccio-carquefou-4-1.html]
[www.carquefou-football.com/le-club/actualites/1152-national-jumelage-alella.html]
[www.carquefou-football.com/le-club/actualites/1146-national-carquefou-amiens-1-2.html]
[www.carquefou-football.com/le-club/actualites/1144-2014-05-11-19-03-35.html]
[www.carquefou-football.com/le-club/actualites/1160-2014-05-26-08-46-12.html]
[www.carquefou-football.com/le-club/actualites/1143-2014-05-11-17-44-58.html]
[www.carquefou-football.com/le-club/actualites/1153-2014-05-19-07-04-50.html]
[www.carquefou-football.com/le-club/actualites/1142-national-luzenac-carquefou-2-2.html]
[www.carquefou-football.com/le-club/actualites/1141-2014-05-09-09-10-02.html]
[www.carquefou-football.com/le-club/actualites/1138-2014-05-05-07-50-14.html]
[www.carquefou-football.com/le-club/actualites/1136-u19-dh-les-verts-et-blancs-terminent-1er-.html]
[www.carquefou-football.com/le-club/actualites/1135-national-carquefou-boulogne-2-1.html]
[www.carquefou-football.com/le-club/actualites/1132-2014-04-30-18-01-52.html]
[www.carquefou-football.com/le-club/actualites/1131-2014-04-30-18-04-12.html]
[www.carquefou-football.com/le-club/actualites/1130-2014-04-27-20-42-05.html]
[www.carquefou-football.com/le-club/actualites/1125-2014-04-26-08-31-24.html]
[www.carquefou-football.com/le-club/actualites/1123-2014-04-21-07-07-25.html]
[www.carquefou-football.com/le-club/actualites/1122-national-carquefou-paris-fc-1-2.html]
[www.carquefou-football.com/le-club/actualites/1121-2014-04-21-06-54-26.html]
[www.carquefou-football.com/le-club/actualites/1119-2014-04-14-07-38-23.html]
[www.carquefou-football.com/le-club/actualites/1118-2014-04-13-17-05-06.html]
[www.carquefou-football.com/le-club/actualites/1117-dh-carquefou-chateaubriant-0-2.html]
[www.carquefou-football.com/le-club/actualites/1116-national-vannes-carquefou-0-0.html]
[www.carquefou-football.com/le-club/actualites/1111-2014-04-06-20-36-41.html]
[www.carquefou-football.com/le-club/actualites/831-portes-ouvertes-2014.html]
[www.carquefou-football.com/le-club/actualites/1076-les-carquefoliens-en-tournois.html]
[www.carquefou-football.com/le-club/actualites/1109-nat-carquefou-strasbourg-1-0.html]
[www.carquefou-football.com/le-club/actualites/1108-2014-04-03-19-50-29.html]
[www.carquefou-football.com/le-club/actualites/1106-club-les-tirages-des-coupes-de-district.html]
[www.carquefou-football.com/le-club/actualites/1105-2014-03-30-15-48-51.html]
[www.carquefou-football.com/le-club/actualites/1104-2014-03-29-13-07-34.html]
[www.carquefou-football.com/le-club/actualites/1101-2014-02-04-13-28-16.html]
[www.carquefou-football.com/le-club/actualites/1100-2014-03-21-23-19-07.html]
[www.carquefou-football.com/le-club/actualites/1094-2014-02-04-13-28-16.html]
[www.carquefou-football.com/le-club/actualites/1093-national-red-star-carquefou-1-1.html]
[www.carquefou-football.com/le-club/actualites/1092-2014-03-13-20-38-21.html]
[www.carquefou-football.com/le-club/actualites/1089-2014-03-11-13-23-28.html]
[www.carquefou-football.com/le-club/actualites/1088-1e-div-carquefou-abbaretz-0-1.html]
[www.carquefou-football.com/le-club/actualites/1086-national-agenda-10-16-mars.html]
[www.carquefou-football.com/le-club/actualites/1085-2014-02-04-13-28-16.html]
[www.carquefou-football.com/le-club/actualites/1084-nat-carquefou-colomiers-1-1.html]
[www.carquefou-football.com/le-club/actualites/1082-2014-02-04-13-28-16.html]
[www.carquefou-football.com/le-club/actualites/1081-2014-03-02-18-32-28.html]
[www.carquefou-football.com/le-club/actualites/1079-nat-dunkerque-carquefou-1-0.html]
[www.carquefou-football.com/le-club/actualites/1075-2014-02-24-08-24-17.html]
[www.carquefou-football.com/le-club/actualites/1074-2014-02-04-13-28-16.html]
[www.carquefou-football.com/le-club/actualites/1073-2014-02-18-09-08-15.html]
[www.carquefou-football.com/le-club/actualites/1072-matthieu-corbineau-et-le-4l-trophy.html]
[www.carquefou-football.com/le-club/actualites/1071-2014-02-04-13-28-16.html]
[www.carquefou-football.com/le-club/actualites/1068-2014-02-14-22-39-55.html]
[www.carquefou-football.com/le-club/actualites/1064-1ere-div-prix-du-fair-play.html]
[www.carquefou-football.com/le-club/actualites/1063-2014-02-11-08-51-24.html]
[www.carquefou-football.com/le-club/actualites/1062-2014-02-04-13-28-16.html]
[www.carquefou-football.com/le-club/actualites/1061-2014-02-07-22-09-22.html]
[www.carquefou-football.com/le-club/actualites/1057-2014-02-04-13-28-16.html]
[www.carquefou-football.com/le-club/actualites/1056-u19-carquefou-lorient-1-1.html]
[www.carquefou-football.com/le-club/actualites/1042-2014-01-17-15-07-13.html]
[www.carquefou-football.com/le-club/actualites/1055-2014-02-01-00-15-22.html]
[www.carquefou-football.com/le-club/actualites/1052-2014-01-27-14-18-30.html]
[www.carquefou-football.com/le-club/actualites/1051-club-label-dor-fff.html]
[www.carquefou-football.com/le-club/actualites/1050-national-colmar-carquefou-0-0.html]
[www.carquefou-football.com/le-club/actualites/1046-2014-01-20-09-04-23.html]
[www.carquefou-football.com/le-club/actualites/1044-national--agenda-20-26-jan.html]
[www.carquefou-football.com/le-club/actualites/1043-2014-01-17-21-48-40.html]
[www.carquefou-football.com/le-club/actualites/1038-u19-carquefou-fc-nantes-1-1.html]
[www.carquefou-football.com/le-club/actualites/1037-national--amiens-carquefou-2-2.html]
[www.carquefou-football.com/le-club/actualites/1035-2014-01-05-22-34-43.html]
[www.carquefou-football.com/le-club/actualites/1031-national-carquefou-luzenac-1-1.html]
[www.carquefou-football.com/le-club/actualites/1027-2013-12-16-09-25-56.html]
[www.carquefou-football.com/le-club/actualites/1026-2013-12-16-08-58-36.html]
[www.carquefou-football.com/le-club/actualites/1025-national-boulogne-carquefou-1-0.html]
[www.carquefou-football.com/le-club/actualites/1023-2013-12-09-18-48-38.html]
[www.carquefou-football.com/le-club/actualites/1022-2013-12-09-10-08-43.html]
[www.carquefou-football.com/le-club/actualites/1020-2013-12-07-23-24-22.html]
[www.carquefou-football.com/le-club/actualites/1018-2013-12-02-13-44-18.html]
[www.carquefou-football.com/le-club/actualites/1017-2013-12-02-08-41-39.html]
[www.carquefou-football.com/le-club/actualites/1016-2013-11-30-00-22-56.html]
[www.carquefou-football.com/le-club/actualites/1015-2013-11-27-22-53-02.html]
[www.carquefou-football.com/le-club/actualites3968.html]
[www.carquefou-football.com/le-club/actualites/93-welcomebackalban.html]
[www.carquefou-football.com/le-club/actualites45c4.html]
[www.carquefou-football.com/le-club/actualites8fb2.html]
[www.carquefou-football.com/stages/621-les-stages-vacances.html]
[www.carquefou-football.com/stages/1091-la-semaine-des-stages-vacances-hievr-2014.html]
[www.carquefou-football.com/stages/903-2013-07-19-10-11-04.html]
[www.carquefou-football.com/stages/892-2013-07-09-16-10-36.html]
[www.carquefou-football.com/ajax/hovercard/pagef157.html]
[www.carquefou-football.com/le-club/actualites/1012-2013-11-25-12-59-38.html]
[www.carquefou-football.com/le-club/actualites/1011-2013-11-25-08-59-13.html]
[www.carquefou-football.com/le-club/actualites/1010-national-paris-fc-carquefou-0-0.html]
[www.carquefou-football.com/le-club/actualites/1008-2013-11-20-14-36-08.html]
[www.carquefou-football.com/le-club/actualites/1006-2013-11-18-08-40-22.html]
[www.carquefou-football.com/le-club/actualites/1007-national-agenda-18-24-nov.html]
[www.carquefou-football.com/le-club/actualites/1005-cdf-7e-pacy-carquefou-0-2.html]
[www.carquefou-football.com/le-club/actualites/1003-2013-11-13-22-21-06.html]
[www.carquefou-football.com/le-club/actualites/1002-2013-11-11-11-18-31.html]
[www.carquefou-football.com/le-club/actualites/1001-national-agenda-11-17-nov.html]
[www.carquefou-football.com/le-club/actualites/1000-dh-carquefou-chataigneraie-5-1.html]
[www.carquefou-football.com/le-club/actualites/997-national-carquefou-vannes-1-0.html]
[www.carquefou-football.com/le-club/actualites/993-2013-11-04-08-49-15.html]
[www.carquefou-football.com/le-club/actualites/994-national-agenda-4-9-nov.html]
[www.carquefou-football.com/le-club/actualites/992-nat-strasbourg-carquefou-1-1.html]
[www.carquefou-football.com/le-club/actualites/990-u8-u10-u11-tournoi-petit-mars.html]
[www.carquefou-football.com/le-club/actualites/989-2013-10-30-14-02-54.html]
[www.carquefou-football.com/le-club/actualites/988-2013-10-30-13-13-08.html]
[www.carquefou-football.com/le-club/actualites/987-2013-10-28-15-37-49.html]
[www.carquefou-football.com/le-club/actualites2956.html]
[www.carquefou-football.com/le-club/actualites9abd.html]
[www.carquefou-football.com/le-club/actualitesee6b.html]
[www.carquefou-football.com/le-club/actualites3059.html]
[www.carquefou-football.com/le-club/actualites74f5.html]
[www.carquefou-football.com/le-club/actualites0ebf.html]
[www.carquefou-football.com/le-club/actualitesd098.html]
[www.carquefou-football.com/le-club/actualites41df.html]
[www.carquefou-football.com/le-club/actualitesfb45.html]
[www.carquefou-football.com/le-club/actualites/200-les-stages-vacances-ont-commence.html]
[www.carquefou-football.com/le-club/actualites/198-dh-carquefou-la-roche-s-yon-eso-1-2.html]
[www.carquefou-football.com/le-club/actualites/193-cfa-lucon-vf-carquefou-2-1.html]
[www.carquefou-football.com/le-club/actualites/190-acquisition-de-2-minibus.html]
[www.carquefou-football.com/le-club/actualites/189-ca-sest-passe-un-dimanche.html]
[www.carquefou-football.com/le-club/actualites/187-cfa-carquefou-la-vitreenne-0-1.html]
[www.carquefou-football.com/le-club/actualites/185-edito-de-michel-auray.html]
[www.carquefou-football.com/le-club/actualites/178-cfa-yzeure-carquefou-1-1.html]
[www.carquefou-football.com/le-club/actualites/175-michel-auray-medailles-dor-.html]
[www.carquefou-football.com/le-club/actualites/166-cfa-carquefou-les-herbiers-0-0.html]
[www.carquefou-football.com/le-club/actualites/164-u7-u8-u9-220111.html]
[www.carquefou-football.com/le-club/actualites/162-denis-renaud-interview-sport7.html]
[www.carquefou-football.com/le-club/actualites/116-cfa-cherbourg-carquefou-2-1.html]
[www.carquefou-football.com/le-club/actualites/234-4-equipes-se-qualifient.html]
[www.carquefou-football.com/le-club/actualites/231-cfa-carquefou-as-moulins-1-1.html]
[www.carquefou-football.com/le-club/actualites/224-cfa-us-avranches-carquefou.html]
[www.carquefou-football.com/le-club/actualites/223-3-carquefoliens-champion-de-france.html]
[www.carquefou-football.com/le-club/actualites/192-uefa-tour-elite-u17.html]
[www.carquefou-football.com/le-club/actualites/218-ca-sest-passe-dimanche.html]
[www.carquefou-football.com/le-club/actualites/214-cfa-sm-caen-carquefou-1-2.html]
[www.carquefou-football.com/le-club/actualites/213-dh-carquefou-orvault-sports.html]
[www.carquefou-football.com/le-club/actualites/212-u13-championnat-ligue-atlantique.html]
[www.carquefou-football.com/le-club/actualites/210-denis-renaud-en-conference-au-staps.html]
[www.carquefou-football.com/le-club/actualites/208-cfa-carquefou-stade-rennais-0-1.html]
[www.carquefou-football.com/le-club/actualites/201-cfa-st-pryve-carquefou-1-2.html]
[www.carquefou-football.com/le-club/actualites/191-dh-amical-selection-ligue-atlantique.html]
[www.carquefou-football.com/le-club/actualites53bb.html]
[www.carquefou-football.com/le-club/actualites/984-cdf-6e-fccm-carquefou-0-3.html]
[www.carquefou-football.com/le-club/actualites/982-2013-10-23-08-10-19.html]
[www.carquefou-football.com/le-club/actualites/980-dh--carquefou-eso-la-roche-0-1.html]
[www.carquefou-football.com/le-club/actualites/978-2013-10-18-22-47-27.html]
[www.carquefou-football.com/le-club/actualites/975-cdf-6e-la-chapelle-des-marais.html]
[www.carquefou-football.com/le-club/actualites/971-2013-10-14-08-14-57.html]
[www.carquefou-football.com/le-club/actualites/972-national--agenda-14-20-oct.html]
[www.carquefou-football.com/le-club/actualites/969-cdf-5e-st-herblain-carquefou-0-2.html]
[www.carquefou-football.com/le-club/actualites/968-2013-10-12-12-17-29.html]
[www.carquefou-football.com/le-club/actualites/552-2013-09-27-17-33-01.html]
[www.carquefou-football.com/le-club/actualites/966-national-agenda-7-13-oct.html]
[www.carquefou-football.com/le-club/actualites/965-2013-10-03-20-28-32.html]
[www.carquefou-football.com/le-club/actualites/964-coupe-de-france-uf-st-herblain.html]
[www.carquefou-football.com/le-club/actualites/963-national--agenda-30-sep-6-oct.html]
[www.carquefou-football.com/le-club/actualites/962-2013-09-30-13-47-53.html]
[www.carquefou-football.com/le-club/actualites/957-national-carquefou-red-star-2-1.html]
[www.carquefou-football.com/le-club/actualites/955-dh-carquefou-les-sables-1-1.html]
[www.carquefou-football.com/le-club/actualites/954-national-colomiers-carquefou-0-1.html]
[www.carquefou-football.com/le-club/actualites/950-national--agenda-16-sep-22-sep.html]
[www.carquefou-football.com/le-club/actualites/949-nat-carquefou-dunkerque-1-0.html]
[www.carquefou-football.com/le-club/actualites/946-2013-09-07-20-44-42.html]
[www.carquefou-football.com/le-club/actualites/945-2013-09-07-12-35-44.html]
[www.carquefou-football.com/le-club/actualites/943-u13-tournoi-de-carhaix.html]
[www.carquefou-football.com/le-club/actualites/939-nat-carquefou-bourg-peronnas-0-1.html]
[www.carquefou-football.com/le-club/actualites/936-dh-carquefou-fontenay-0-0.html]
[www.carquefou-football.com/le-club/actualites/935-2013-08-23-21-25-31.html]
[www.carquefou-football.com/le-club/actualites/931-national-carquefou-colmar-1-0.html]
[www.carquefou-football.com/le-club/actualites/928-national-carquefou-ajaccio-1-2.html]
[www.carquefou-football.com/le-club/actualites/924-national-carquefou-nantes-1-1.html]
[www.carquefou-football.com/le-club/actualites/923-2013-07-30-15-10-57.html]
[www.carquefou-football.com/le-club/actualites/922-national-carquefou-les-herbiers-3-2.html]
[www.carquefou-football.com/le-club/actualites/906-2013-07-22-12-50-12.html]
[www.carquefou-football.com/le-club/actualites/904-national-carquefou-laval-0-0.html]
[www.carquefou-football.com/le-club/actualites/895-national-calendrier-championnat.html]
[www.carquefou-football.com/le-club/actualites/894-2013-07-15-13-49-00.html]
[www.carquefou-football.com/le-club/actualites/893-2013-07-12-17-59-30.html]
[www.carquefou-football.com/le-club/actualites/891-national-matchs-amicaux.html]
[www.carquefou-football.com/le-club/actualites/888-2013-07-05-17-27-16.html]
[www.carquefou-football.com/le-club/actualites/887-2013-07-04-11-58-18.html]
[www.carquefou-football.com/le-club/actualites/886-national-joueurs-2013-2014.html]
[www.carquefou-football.com/le-club/actualites/884-2013-07-02-13-31-11.html]
[www.carquefou-football.com/le-club/actualites/882-2013-06-25-15-57-11.html]
[www.carquefou-football.com/le-club/actualites/878-2013-06-20-20-05-47.html]
[www.carquefou-football.com/le-club/actualites/876-2013-06-17-10-11-02.html]
[www.carquefou-football.com/le-club/actualites/877-2013-06-17-23-16-06.html]
[www.carquefou-football.com/le-club/actualites/875-2013-06-16-21-05-27.html]
[www.carquefou-football.com/le-club/actualites/873-2013-06-15-11-58-50.html]
[www.carquefou-football.com/le-club/actualites/871-2013-06-05-06-40-48.html]
[www.carquefou-football.com/le-club/actualites/869-amical-bretagne-mali-1-0.html]
[www.carquefou-football.com/le-club/actualites/868-2013-05-24-22-18-14.html]
[www.carquefou-football.com/le-club/actualites/864-2013-05-19-15-21-31.html]
[www.carquefou-football.com/le-club/actualites/863-dh-challans-carquefou-0-0.html]
[www.carquefou-football.com/le-club/actualites/862-2013-05-17-23-26-23.html]
[www.carquefou-football.com/le-club/actualites/858-national-carquefou-amiens-1-1.html]
[www.carquefou-football.com/le-club/actualites/857-drh-carquefou-mouilleron-0-3.html]
[www.carquefou-football.com/le-club/actualites/855-u15-b-finale-challenge.html]
[www.carquefou-football.com/le-club/actualites/852-dh-carquefou-la-roche-syon-0-0.html]
[www.carquefou-football.com/le-club/actualites/851-2013-05-04-21-01-27.html]
[www.carquefou-football.com/le-club/actualites/847-dh-carquefou-orvault-1-0.html]
[www.carquefou-football.com/le-club/actualites/845-u13-tournoi-ste-luce.html]
[www.carquefou-football.com/le-club/actualites/844-2013-04-28-21-32-37.html]
[www.carquefou-football.com/le-club/actualites/843-2013-04-27-14-59-20.html]
[www.carquefou-football.com/le-club/actualites/840-2013-04-24-17-13-17.html]
[www.carquefou-football.com/le-club/actualites/837-drh-carquefou-pouzauges-1-0.html]
[www.carquefou-football.com/le-club/actualites/836-dh-carquefou-fontenay-0-2.html]
[www.carquefou-football.com/le-club/actualites/835-2013-04-20-08-39-35.html]
[www.carquefou-football.com/le-club/actualites/834-2013-04-19-12-44-37.html]
[www.carquefou-football.com/le-club/actualites/830-2013-04-12-22-51-36.html]
[www.carquefou-football.com/le-club/actualites/827-national-quevilly-carquefou-1-0.html]
[www.carquefou-football.com/le-club/actualites/825-national-carquefou-rouen-0-0.html]
[www.carquefou-football.com/le-club/actualites/822-cdd-carquefou-frossay-2-0.html]
[www.carquefou-football.com/le-club/actualites/819-u13-mini-mondial-dorvault.html]
[www.carquefou-football.com/le-club/actualites/820-national-carquefou-luzenac-2-0.html]
[www.carquefou-football.com/le-club/actualites/283-les-tournois-du-week-end.html]
[www.carquefou-football.com/le-club/actualites/817-8e-de-finale-coupe-du-district.html]
[www.carquefou-football.com/le-club/actualites/815-2013-03-24-17-40-15.html]
[www.carquefou-football.com/le-club/actualites/814-national-metz-carquefou-2-0.html]
[www.carquefou-football.com/le-club/actualites/813-u7-plateau-au-cellier.html]
[www.carquefou-football.com/le-club/actualites/811-2013-03-21-21-51-00.html]
[www.carquefou-football.com/le-club/actualites/810-2013-03-20-13-02-06.html]
[www.carquefou-football.com/le-club/actualites/808-national-carquefou-vannes-0-0.html]
[www.carquefou-football.com/le-club/actualites/807-national-boulogne-carquefou-2-1.html]
[www.carquefou-football.com/le-club/actualites/804-stages-vacances-dhiver.html]
[www.carquefou-football.com/le-club/actualites/802-national-carquefou-cherbourg-2-0.html]
[www.carquefou-football.com/le-club/actualites/801-u8-tournoi-de-ste-luce.html]
[www.carquefou-football.com/le-club/actualites/798-national-carquefou-colmar-3-2.html]
[www.carquefou-football.com/le-club/actualites/796-national-orleans-carquefou-1-2.html]
[www.carquefou-football.com/le-club/actualites/793-drh-carquefou-avrille-1-1.html]
[www.carquefou-football.com/le-club/actualites/792-2e-div-carquefou-st-mars-1-1.html]
[www.carquefou-football.com/le-club/actualites/791-national-carquefou-ca-bastia-5-0.html]
[www.carquefou-football.com/le-club/actualites/789-dh-carquefou-st-sebastien-2-2.html]
[www.carquefou-football.com/le-club/actualites/788-national-paris-fc-carquefou-0-0.html]
[www.carquefou-football.com/le-club/actualites/781-trophee-des-sportifs-2012.html]
[www.carquefou-football.com/le-club/actualites/780-nat-amicale-face-au-fc-nantes-2.html]
[www.carquefou-football.com/le-club/actualites/779-nat-signature-domar-wade.html]
[www.carquefou-football.com/le-club/actualites/777-national-red-star-carquefou-2-1.html]
[www.carquefou-football.com/le-club/actualites/776-national-usja-carquefou-fc-rouen.html]
[www.carquefou-football.com/le-club/actualites/773-national-seance-du-23-01-13.html]
[www.carquefou-football.com/le-club/actualites/771-national-signature-de-guillaume-moullec.html]
[www.carquefou-football.com/le-club/actualites/769-national-agenda-21-jan-27-jan.html]
[www.carquefou-football.com/le-club/actualites/768-club-galette-des-rois.html]
[www.carquefou-football.com/le-club/actualites/490-le-moulin-boisseau-sous-la-neige.html]
[www.carquefou-football.com/le-club/actualites/767-le-stade-sous-la-neige.html]
[www.carquefou-football.com/le-club/actualites/766-nat-carquefou-colmar-annule.html]
[www.carquefou-football.com/le-club/actualites/765-national--agenda-14-jan-20-jan.html]
[www.carquefou-football.com/le-club/actualites/763-national-le-poire-carquefou-3-1.html]
[www.carquefou-football.com/le-club/actualites/760-nat-poire-sur-vie-usja-carquefou-.html]
[www.carquefou-football.com/le-club/actualites/759-gambardella-2013-64eme-de-finale.html]
[www.carquefou-football.com/le-club/actualites/758-cdf-st-bordelais-carquefou.html]
[www.carquefou-football.com/le-club/actualites/756-formation-des-educateurs-cff1.html]
[www.carquefou-football.com/le-club/actualites/753-gouter-de-noel-2012.html]
[www.carquefou-football.com/le-club/actualites/751-national-amiens-carquefou.html]
[www.carquefou-football.com/le-club/actualites/749-dh-coupe-atlantique-6eme-tour.html]
[www.carquefou-football.com/le-club/actualites/748-nat-carquefou-frej-straphael-2-1.html]
[www.carquefou-football.com/le-club/actualites/745-cdf-32eme-de-finale-.html]
[www.carquefou-football.com/le-club/actualites/744-dh-carquefou-chateaubriant-1-3.html]
[www.carquefou-football.com/le-club/actualites/743-cdf-8e-st-polleon-carquefou-0-5.html]
[www.carquefou-football.com/le-club/actualites/367-matchs-de-coupe-du-1-2-octobre.html]
[www.carquefou-football.com/le-club/actualites/739-national-seance-du-05-12-12.html]
[www.carquefou-football.com/le-club/actualites/741-national-agenda-3-dec-9-dec.html]
[www.carquefou-football.com/le-club/actualites/736-national-epinal-carquefou-live.html]
[www.carquefou-football.com/le-club/actualites/735-national-deplacement-a-epinal.html]
[www.carquefou-football.com/le-club/actualites/732-national-agenda-26-nov-2-dec.html]
[www.carquefou-football.com/le-club/actualites/730-dh-carquefou-st-herblain-3-1.html]
[www.carquefou-football.com/le-club/actualites/729-national-carquefou-uzes-2-1.html]
[www.carquefou-football.com/le-club/actualites/725-cdf-8e-tour.html]
[www.carquefou-football.com/le-club/actualites/626-le-moulin-boisseau-se-modernise-.html]
[www.carquefou-football.com/le-club/actualites/727-national--agenda-19-nov-25-nov.html]
[www.carquefou-football.com/le-club/actualites/724-cdf-7e-le-rheu-carquefou-0-2.html]
[www.carquefou-football.com/le-club/actualites/721-national-creteil-carquefou.html]
[www.carquefou-football.com/le-club/actualites/362-car-supporters.html]
[www.carquefou-football.com/le-club/actualites/722-national-agenda-5-11-nov.html]
[www.carquefou-football.com/le-club/actualites/719-national-carquefou-quevilly-4-0.html]
[www.carquefou-football.com/le-club/actualites/712-cdf-7e-tour.html]
[www.carquefou-football.com/le-club/actualites/710-national-seance-du-30-10-12.html]
[www.carquefou-football.com/le-club/actualites/717-national-agenda-29-oct-4-nov.html]
[www.carquefou-football.com/le-club/actualites/709-cdf-6e-aizenay-carquefou-0-2.html]
[www.carquefou-football.com/le-club/actualites/707-veterans-recrutent.html]
[www.carquefou-football.com/le-club/actualites/706-national-signature-de-philippe-billy.html]
[www.carquefou-football.com/le-club/actualites/704-national-luzenac-carquefou-0-0.html]
[www.carquefou-football.com/le-club/actualites/701-national-luzenac-carquefou.html]
[www.carquefou-football.com/le-club/actualites/702-coupe-de-france-6e-tour-.html]
[www.carquefou-football.com/le-club/actualites/691-cdf-5e-la-mellinet-carquefou-0-3.html]
[www.carquefou-football.com/le-club/actualites/681-club-reunion-educateurs.html]
[www.carquefou-football.com/le-club/actualites/666-nat-agenda-de-la-semaine.html]
[www.carquefou-football.com/le-club/actualites/686-national-carquefou-metz-4-1.html]
[www.carquefou-football.com/le-club/actualites/685-national-groupe-pour-metz.html]
[www.carquefou-football.com/le-club/actualites/684-coupe-de-france-5e-tour-la-mellinet.html]
[www.carquefou-football.com/le-club/actualites/679-national-vannes-carquefou-0-0.html]
[www.carquefou-football.com/le-club/actualites/677-national-seance-du-28-09-12.html]
[www.carquefou-football.com/le-club/actualites/675-national-carquefou-boulogne-3-0.html]
[www.carquefou-football.com/le-club/actualites/673-national-cherbourg-carquefou-0-1.html]
[www.carquefou-football.com/le-club/actualites/670-national-carquefou-orleans-2-2.html]
[www.carquefou-football.com/le-club/actualites/573-resultats-we-8-9-septembre-2012.html]
[www.carquefou-football.com/le-club/actualites/665-drh-carquefou-tierce-cheffes-3-3.html]
[www.carquefou-football.com/le-club/actualites/664-dh-st-sebastien-carquefou-0-0.html]
[www.carquefou-football.com/le-club/actualites/663-national-bastia-carquefou.html]
[www.carquefou-football.com/le-club/actualites/662-bourse-aux-sweats.html]
[www.carquefou-football.com/le-club/actualites/661-dh-carquefou-orvault-sports-1-0.html]
[www.carquefou-football.com/le-club/actualites/660-national-carquefou-paris-fc-0-0.html]
[www.carquefou-football.com/le-club/actualites/659-national-photo-officielle.html]
[www.carquefou-football.com/le-club/actualites/636-dh-vertou-carquefou-0-3.html]
[www.carquefou-football.com/le-club/actualites/634-national-rouen-carquefou-2-1.html]
[www.carquefou-football.com/le-club/actualites/633-national-carquefou-red-star-2-2.html]
[www.carquefou-football.com/le-club/actualites/631-dh-nouvelle-saison-.html]
[www.carquefou-football.com/le-club/actualites/629-national-colmar-carquefou-1-0.html]
[www.carquefou-football.com/le-club/actualites/624-nat-carquefou-bourg-peronnas.html]
[www.carquefou-football.com/le-club/actualites/623-national-communique-du-01-08-12.html]
[www.carquefou-football.com/le-club/actualitesab9f.html]
[www.carquefou-football.com/details/31-CFA-contre-La-Vitreenne.html]
[www.carquefou-football.com/le-club/actualites/279-les-champions-de-lusja.html]
[www.carquefou-football.com/le-club/actualites/275-cfa-carquefou-le-mans-3-3.html]
[www.carquefou-football.com/le-club/actualites/270-cfa-les-herbiers-carquefou-0-2.html]
[www.carquefou-football.com/le-club/actualites/269-2-matchs-decisifs.html]
[www.carquefou-football.com/le-club/actualites/265-cfa-carquefou-cherbourg-3-5.html]
[www.carquefou-football.com/le-club/actualites/263-loisirs-ac-chapelain-carquefou-3-1.html]
[www.carquefou-football.com/le-club/actualites/258-u13--8e-en-finale-regionale.html]
[www.carquefou-football.com/le-club/actualites/256-cfa-carquefou-romorantin-0-0.html]
[www.carquefou-football.com/le-club/actualites/248-cfa-lorient-carquefou-0-1.html]
[www.carquefou-football.com/le-club/actualites/247-les-u15-au-mondial.html]
[www.carquefou-football.com/le-club/actualites/245-cfa-carquefou-fontenay-vf-2-2.html]
[www.carquefou-football.com/tournoi/242-tournoi-week-end-de-paques.html]
[www.carquefou-football.com/le-club/actualites/236-cfa-viry-chatillon-carquefou.html]
[www.carquefou-football.com/le-club/actualites9769.html]
[www.carquefou-football.com/le-club/actualites997d.html]
[www.carquefou-football.com/le-club/actualitesc619.html]
[www.carquefou-football.com/le-club/actualites981a.html]
[www.carquefou-football.com/le-club/actualitesb984.html]
[www.carquefou-football.com/le-club/actualites9abd-2.html]
[www.carquefou-football.com/le-club/actualitese52f.html]
[www.carquefou-football.com/le-club/actualitese1e8.html]
[www.carquefou-football.com/le-club/actualites/620-national-carquefou-les-herbiers-1-0.html]
[www.carquefou-football.com/le-club/actualites/618-2eme-semaine-des-stages-vacances.html]
[www.carquefou-football.com/le-club/actualites/617-national-entrainement.html]
[www.carquefou-football.com/le-club/actualites/616-1ere-semaine-de-stage-vacances.html]
[www.carquefou-football.com/le-club/actualites/615-national-carquefou-vannes-0-2.html]
[www.carquefou-football.com/le-club/actualites/606-national-cest-la-rentree-.html]
[www.carquefou-football.com/le-club/actualites/604-national-communique-du-27-06-12.html]
[www.carquefou-football.com/le-club/actualites/602-national-matchs-amicaux.html]
[www.carquefou-football.com/le-club/actualites/601-national-communique-du-22-06-12.html]
[www.carquefou-football.com/le-club/actualites/596-u7-8-9-tournoi-du-9-juin-2012.html]
[www.carquefou-football.com/le-club/actualites/597-loisirs-carquefou-uf-st-herblain-4-3.html]
[www.carquefou-football.com/le-club/actualites/593-dh-carquefou-ancenis-6-0.html]
[www.carquefou-football.com/le-club/actualites/588-reception-a-la-mairie.html]
[www.carquefou-football.com/le-club/actualites/587-en-route-pour-le-national-.html]
[www.carquefou-football.com/le-club/actualites/586-cfa-concarneau-carquefou.html]
[www.carquefou-football.com/le-club/actualites/585-supporters-en-image.html]
[www.carquefou-football.com/le-club/actualites/583-cfa-carquefou-avranches-2-1.html]
[www.carquefou-football.com/le-club/actualites/576-recrutement-2012-2013.html]
[www.carquefou-football.com/le-club/actualites/571-cfa-la-vitreenne-carquefou.html]
[www.carquefou-football.com/le-club/actualites/329-planning-des-reprises-dentrainement.html]
[www.carquefou-football.com/le-club/actualites/331-cfa-carquefou-concarneau-3-2.html]
[www.carquefou-football.com/le-club/actualites/330-dh-drh-matchs-amicaux.html]
[www.carquefou-football.com/le-club/actualites/327-4eme-semaine-des-stages-vacances.html]
[www.carquefou-football.com/le-club/actualites/324-dh-dhr-cest-la-reprise-.html]
[www.carquefou-football.com/le-club/actualites/304-3eme-semaine-des-stages-vacances.html]
[www.carquefou-football.com/le-club/actualites/294-cfa-matchs-amicaux.html]
[www.carquefou-football.com/le-club/actualites/293-cfa-cest-la-reprise-.html]
[www.carquefou-football.com/le-club/actualites/292-1ere-semaine-des-stages-vacances.html]
[www.carquefou-football.com/le-club/actualites/243-cfa-deplacement-a-viry-chatillon.html]
[www.carquefou-football.com/le-club/actualites/290-tournoi-retour-en-photos.html]
[www.carquefou-football.com/le-club/actualites/288-le-mercato-de-lusja.html]
[www.carquefou-football.com/le-club/actualites/287-tournoi-jeunes-de-lusja-carquefou.html]
[www.carquefou-football.com/le-club/actualites/285-tournoi-u13-u11-u9.html]
[www.carquefou-football.com/le-club/actualites/284-retour-sur-les-inscriptions.html]
[www.carquefou-football.com/le-club/actualites/280-les-u16-a-leurofoot.html]
[www.carquefou-football.com/stages/119-les-stages-vacances.html]
[www.carquefou-football.com/le-club/actualites/569-challenge-arribas-12-finale.html]
[www.carquefou-football.com/le-club/actualites/570-journee-baptiste-en-photos.html]
[www.carquefou-football.com/le-club/actualites/566-cfa-carquefou-pontivy.html]
[www.carquefou-football.com/le-club/actualites/563-u13-e-carquefou-treillieres-4-3.html]
[www.carquefou-football.com/le-club/actualites/561-usja-journee-baptiste.html]
[www.carquefou-football.com/le-club/actualites/555-cfa-les-herbiers-carquefou.html]
[www.carquefou-football.com/le-club/actualites/551-cfa-carquefou-fontenay.html]
[www.carquefou-football.com/le-club/actualites/546-lusja-dans-la-hierarchie-footbalistique.html]
[www.carquefou-football.com/le-club/actualites/544-cfa-romorantin-carquefou.html]
[www.carquefou-football.com/le-club/actualites/532-les-carquefoliens-en-tournoi.html]
[www.carquefou-football.com/le-club/actualites/540-stages-vacances-printemps-2012.html]
[www.carquefou-football.com/le-club/actualites/538-cfa-carquefou-fc-mantes-1-1.html]
[www.carquefou-football.com/le-club/actualites/536-u13-mini-mondial-orvault.html]
[www.carquefou-football.com/le-club/actualites/535-resultats-du-week-end-7-8-avril-12.html]
[www.carquefou-football.com/le-club/actualites/534-cfa-lorient-carquefou.html]
[www.carquefou-football.com/le-club/actualites/525-u15a-carquefou-st-nazaire-2-0.html]
[www.carquefou-football.com/le-club/actualites/531-u15a-fc-nantes-carquefou-1-1.html]
[www.carquefou-football.com/le-club/actualites/530-resultats-du-week-end-1er-avril-12.html]
[www.carquefou-football.com/le-club/actualites/529-cfa-carquefou-pacy-seure.html]
[www.carquefou-football.com/le-club/actualites/527-reportage-sur-telenantes.html]
[www.carquefou-football.com/le-club/actualites/526-resultats-du-week-end-24-25-mars-12.html]
[www.carquefou-football.com/le-club/actualites/524-cfa-caen-carquefou.html]
[www.carquefou-football.com/le-club/actualites/520-dh-carquefou-bouchemaine-5-2.html]
[www.carquefou-football.com/le-club/actualites/519-resultats-du-week-end-du-17-18-mars.html]
[www.carquefou-football.com/le-club/actualites/518-cfa-saumur-carquefou-1-2.html]
[www.carquefou-football.com/le-club/actualites/455-matchs-a-domicile-du-week-end-.html]
[www.carquefou-football.com/le-club/actualites/513-u11-tournoi-de-cholet.html]
[www.carquefou-football.com/le-club/actualites/514-cfa-carquefou-le-havre-1-0.html]
[www.carquefou-football.com/le-club/actualites/507-u15b-carquefou-gj-cote-vignoble-2-3.html]
[www.carquefou-football.com/le-club/actualites/511-cfa-carquefou-plabennec-3-2.html]
[www.carquefou-football.com/le-club/actualites/506-cfa-le-mans-carquefou.html]
[www.carquefou-football.com/le-club/actualites/503-dh-carquefou-la-roche-vf-1-2.html]
[www.carquefou-football.com/le-club/actualites/502-cfa-carquefou-lucon-vf-3-1.html]
[www.carquefou-football.com/le-club/actualites/501-stage-vacances-hiver-2012.html]
[www.carquefou-football.com/le-club/actualites/499-cfa-usavranches-carquefou.html]
[www.carquefou-football.com/le-club/actualites/495-u19-carquefou-bordeaux-0-4.html]
[www.carquefou-football.com/le-club/actualites/494-cfa-viry-chatillon-carquefou-0-0.html]
[www.carquefou-football.com/le-club/actualites/493-gambardella-reaction-de-denis-renaud.html]
[www.carquefou-football.com/le-club/actualites/491-cfa-seance-en-salle.html]
[www.carquefou-football.com/le-club/actualites/487-cfa-avranches-carquefou.html]
[www.carquefou-football.com/le-club/actualites/471-u19-gambardella-16eme-de-finale.html]
[www.carquefou-football.com/le-club/actualites/467-u19-gambardella-st-brieuc-carquefou-1-2.html]
[www.carquefou-football.com/le-club/actualites/464-cfa-carquefou-la-vitreenne-2-0.html]
[www.carquefou-football.com/le-club/actualites/457-u14-ligue-carquefou-fontenay-5-0.html]
[www.carquefou-football.com/le-club/actualites/448-la-signature-de-la-convention-du-pre.html]
[www.carquefou-football.com/le-club/actualites/446-cfa-pontivy-carquefou.html]
[www.carquefou-football.com/le-club/actualites/445-la-galette-des-rois.html]
[www.carquefou-football.com/le-club/actualites/442-drh-carquefou-st-julien-de-c-0-1.html]
[www.carquefou-football.com/le-club/actualites/444-communique-du-09-01-12.html]
[www.carquefou-football.com/le-club/actualites/440-cfa-carquefou-poire-svie-vf-0-1.html]
[www.carquefou-football.com/le-club/actualites/439-stage-vacances-dhiver.html]
[www.carquefou-football.com/le-club/actualites/437-matchs-du-week-end.html]
[www.carquefou-football.com/le-club/actualites/429-cfa-carquefou-les-herbiers-0-1.html]
[www.carquefou-football.com/le-club/actualites/426-u-7-8-9-petit-dejeuner.html]
[www.carquefou-football.com/le-club/actualites/425-soiree-educateurs-jeunes.html]
[www.carquefou-football.com/le-club/actualites/421-u15-un-samedi-au-moulin-boisseau.html]
[www.carquefou-football.com/le-club/actualites/420-cfa-carquefou-rennes-2-1.html]
[www.carquefou-football.com/le-club/actualites/419-assemblee-generale-du-02-12-compte-rendu.html]
[www.carquefou-football.com/le-club/actualites/412-cfa-fontenay-vf-carquefou.html]
[www.carquefou-football.com/le-club/actualites/408-cfa-carquefou-romorantin-2-3.html]
[www.carquefou-football.com/le-club/actualites/400-cfa-carquefou-vannes-0-0.html]
[www.carquefou-football.com/le-club/actualites/395-cfa-fc-mantes-carquefou.html]
[www.carquefou-football.com/le-club/actualites/391-la-generation-96-recompensee.html]
[www.carquefou-football.com/le-club/actualites/389-cfa-carquefou-lorient.html]
[www.carquefou-football.com/le-club/actualites/381-drh-orvault-carquefou-2-1.html]
[www.carquefou-football.com/le-club/actualites/379-cfa-pacy-seure-carquefou.html]
[www.carquefou-football.com/le-club/actualites/372-coupe-de-france-5eme-tour.html]
[www.carquefou-football.com/le-club/actualites/374-cfa-carquefou-caen-3-0.html]
[www.carquefou-football.com/le-club/actualites/358-coupe-de-france-4eme-tour.html]
[www.carquefou-football.com/le-club/actualites/359-amical-cfa-vs-fc-nantes-ligue-2.html]
[www.carquefou-football.com/le-club/actualites/360-cfa-carquefou-saumur-.html]
[www.carquefou-football.com/le-club/actualites/348-cfa-le-havre-carquefou.html]
[www.carquefou-football.com/le-club/actualites/343-loisirs-une-nouvelle-saison.html]
[www.carquefou-football.com/le-club/actualites/345-resultats-du-week-end-du-10-11-sept.html]
[www.carquefou-football.com/le-club/actualites/344-cfa-carquefou-le-mans.html]
[www.carquefou-football.com/le-club/actualites/339-cfa-lucon-vf-carquefou.html]
[www.carquefou-football.com/le-club/actualites/338-derniere-semaine-des-stages-vacances.html]
[www.carquefou-football.com/le-club/actualites/336-cfa--carquefou-viry-chatillon-1-0.html]
[www.carquefou-football.com/le-club/actualites/333-cfa-plabennec-carquefou.html]
[www.carquefou-football.com/le-club/actualites/332-5eme-semaine-des-stages-vacances.html]
[www.carquefou-football.com/le-club/actualites/577-coordonnees-benoit-durand.html]
[www.carquefou-football.com/le-club/actualites/578-coordonnees-pierrick-margat.html]
[www.carquefou-football.com/le-club/actualites/579-coordonnees-julien-grandjean.html]
[www.carquefou-football.com/le-club/actualites/580-coordonnees-ronan-bureau.html]
[www.carquefou-football.com/le-club/actualites/581-coordonnees-nour-eddin-merzougui.html]
[www.carquefou-football.com/Tournoi/Tournois/index.html]
[www.carquefou-football.com/component/eventlist/eventlistdcab.feed]
[www.carquefou-football.com/component/eventlist/categories.html]
[www.carquefou-football.com/component/content/39-classement-et-resultats/591-classement-et-resultats-saison-2012-13.html]
[www.carquefou-football.com/component/eventlist/eventlistb550.feed]
